node : FAIL tests/scraper.test.js
In Zeile:1 Zeichen:1
+ node --experimental-vm-modules node_modules/jest/bin/jest.js tests/sc ...
+ ~~~~~~~~~~~~~~~~~~~~~~~~~~~~~~~~~~~~~~~~~~~~~~~~~~~~~~~~~~~~~~~~~~~~~
    + CategoryInfo          : NotSpecified: (FAIL tests/scraper.test.js:String) [], RemoteException
    + FullyQualifiedErrorId : NativeCommandError
 
  ÔùÅ Test suite failed to run

    ReferenceError: jest is not defined

    [0m [90m 4 |[39m global[33m.[39mchrome [33m=[39m {
     [90m 5 |[39m     tabs[33m:[39m {
    [31m[1m>[22m[39m[90m 6 |[39m         query[33m:[39m jest[33m.[39mfn()[33m,[39m
     [90m   |[39m                [31m[1m^[22m[39m
     [90m 7 |[39m         sendMessage[33m:[39m jest[33m.[39mfn()
     [90m 8 |[39m     }[33m,[39m
     [90m 9 |[39m     runtime[33m:[39m {[0m

      at tests/setup.js:6:16

Test Suites: 1 failed, 1 total
Tests:       0 total
Snapshots:   0 total
Time:        1.097 s
Ran all test suites matching /tests\\scraper.test.js/i.
(node:32140) ExperimentalWarning: VM Modules is an experimental feature and might change at any time
(Use `node --trace-warnings ...` to show where the warning was created)
